running tests with polars
Attempting load of... ../test_tables\array_like.csv
MultiTable: array_like (polars)
Shape: 5 rows Î 3 columns
Creating Spark session
running tests with pyspark
Attempting load of... ../test_tables\array_like.csv
+----+----+-----------+
|var1|var2|       var3|
+----+----+-----------+
|   a|   b|      c d e|
|   g|   h|          j|
|   a|   f|          s|
|   f|   g|      a b d|
|   k|   l|m n o pppps|
+----+----+-----------+

Number of columns: 3
Number of entries: 5
Data types:
{'var1': 'StringType()', 'var2': 'StringType()', 'var3': 'StringType()'}

Test copying
+----+----+-----------+
|var1|var2|       var3|
+----+----+-----------+
|   a|   b|      c d e|
|   g|   h|          j|
|   a|   f|          s|
|   f|   g|      a b d|
|   k|   l|m n o pppps|
+----+----+-----------+

Testing trimming of string columns...
+----+----+-----------+
|var1|var2|       var3|
+----+----+-----------+
|   a|   b|      c d e|
|   g|   h|          j|
|   a|   f|          s|
|   f|   g|      a b d|
|   k|   l|m n o pppps|
+----+----+-----------+

Testing conversions on frame...
De-dup / distinct checks
Testing the sort
Testing pandas conversion
+------+------+-------------+
| var1 | var2 |    var3     |
+------+------+-------------+
|  a   |  b   |    c d e    |
|  a   |  f   |      s      |
|  f   |  g   |    a b d    |
|  g   |  h   |      j      |
|  k   |  l   | m n o pppps |
+------+------+-------------+
Testing polars conversion
Testing the size estimates
The df is an estimated 0.75 KB
Writing to ../test_tables/test_outputs/spark/array_like.csv.parquet as parquet with mode=overwrite (compression=zstd)
Attempting load of... ../test_tables\date_table.csv
+---+-------+----------+
| id|   name|event_date|
+---+-------+----------+
|  1|  Alice|2025-01-15|
|  2|    Bob|2023-03-22|
|  3|Charlie|2023-07-04|
|  4|  Diana|2023-10-31|
|  5|  Ethan|2023-12-25|
+---+-------+----------+

Number of columns: 3
Number of entries: 5
Data types:
{'id': 'StringType()', 'name': 'StringType()', 'event_date': 'StringType()'}

Test copying
+---+-------+----------+
| id|   name|event_date|
+---+-------+----------+
|  1|  Alice|2025-01-15|
|  2|    Bob|2023-03-22|
|  3|Charlie|2023-07-04|
|  4|  Diana|2023-10-31|
|  5|  Ethan|2023-12-25|
+---+-------+----------+

Testing trimming of string columns...
+---+-------+----------+
| id|   name|event_date|
+---+-------+----------+
|  1|  Alice|2025-01-15|
|  2|    Bob|2023-03-22|
|  3|Charlie|2023-07-04|
|  4|  Diana|2023-10-31|
|  5|  Ethan|2023-12-25|
+---+-------+----------+

Testing conversions on frame...
De-dup / distinct checks
Testing the sort
Testing pandas conversion
+----+---------+------------+
| id |  name   | event_date |
+----+---------+------------+
| 1  |  Alice  | 2025-01-15 |
| 2  |   Bob   | 2023-03-22 |
| 3  | Charlie | 2023-07-04 |
| 4  |  Diana  | 2023-10-31 |
| 5  |  Ethan  | 2023-12-25 |
+----+---------+------------+
Testing polars conversion
Testing the size estimates
The df is an estimated 0.75 KB
Writing to ../test_tables/test_outputs/spark/date_table.csv.parquet as parquet with mode=overwrite (compression=zstd)
Attempting load of... ../test_tables\decimal_table.csv
+------+--------+------+
|value1|  value2|value3|
+------+--------+------+
|     a|0.154321|  24.2|
|     b|24.12001|    24|
+------+--------+------+

Number of columns: 3
Number of entries: 2
Data types:
{'value1': 'StringType()', 'value2': 'StringType()', 'value3': 'StringType()'}

Test copying
+------+--------+------+
|value1|  value2|value3|
+------+--------+------+
|     a|0.154321|  24.2|
|     b|24.12001|    24|
+------+--------+------+

Testing trimming of string columns...
+------+--------+------+
|value1|  value2|value3|
+------+--------+------+
|     a|0.154321|  24.2|
|     b|24.12001|    24|
+------+--------+------+

Testing conversions on frame...
De-dup / distinct checks
Testing the sort
Testing pandas conversion
+--------+----------+--------+
| value1 |  value2  | value3 |
+--------+----------+--------+
|   a    | 0.154321 |  24.2  |
|   b    | 24.12001 |   24   |
+--------+----------+--------+
Testing polars conversion
Testing the size estimates
The df is an estimated 0.75 KB
Writing to ../test_tables/test_outputs/spark/decimal_table.csv.parquet as parquet with mode=overwrite (compression=zstd)
Attempting load of... ../test_tables\location.csv
+-------------+---------+---------+-------+
|         name|     city|  country| region|
+-------------+---------+---------+-------+
|     John Doe| New York|      USA|   East|
|   Jane Smith|   London|       UK|   West|
|  Bob Johnson|   Sydney|Australia|  South|
|  Bob Johnson|  Toronto|   Canada|  North|
|       Twiggy|    Paris|   France|Central|
| Spaced Name |Melbourne|Australia|  South|
+-------------+---------+---------+-------+

Number of columns: 4
Number of entries: 6
Data types:
{'name': 'StringType()', 'city': 'StringType()', 'country': 'StringType()', 'region': 'StringType()'}

Test copying
+-------------+---------+---------+-------+
|         name|     city|  country| region|
+-------------+---------+---------+-------+
|     John Doe| New York|      USA|   East|
|   Jane Smith|   London|       UK|   West|
|  Bob Johnson|   Sydney|Australia|  South|
|  Bob Johnson|  Toronto|   Canada|  North|
|       Twiggy|    Paris|   France|Central|
| Spaced Name |Melbourne|Australia|  South|
+-------------+---------+---------+-------+

Testing trimming of string columns...
+-----------+---------+---------+-------+
|       name|     city|  country| region|
+-----------+---------+---------+-------+
|   John Doe| New York|      USA|   East|
| Jane Smith|   London|       UK|   West|
|Bob Johnson|   Sydney|Australia|  South|
|Bob Johnson|  Toronto|   Canada|  North|
|     Twiggy|    Paris|   France|Central|
|Spaced Name|Melbourne|Australia|  South|
+-----------+---------+---------+-------+

Testing conversions on frame...
De-dup / distinct checks
Testing the sort
Testing pandas conversion
+-------------+-----------+-----------+---------+
|    name     |   city    |  country  | region  |
+-------------+-----------+-----------+---------+
| Bob Johnson |  Sydney   | Australia |  South  |
| Bob Johnson |  Toronto  |  Canada   |  North  |
| Jane Smith  |  London   |    UK     |  West   |
|  John Doe   | New York  |    USA    |  East   |
| Spaced Name | Melbourne | Australia |  South  |
|   Twiggy    |   Paris   |  France   | Central |
+-------------+-----------+-----------+---------+
Testing polars conversion
Testing the size estimates
The df is an estimated 1.0 KB
Writing to ../test_tables/test_outputs/spark/location.csv.parquet as parquet with mode=overwrite (compression=zstd)
Attempting load of... ../test_tables\positions.csv
+---+-----------+---+--------+------+
|age|       name|var|position| skill|
+---+-----------+---+--------+------+
|  1|   John Doe|  b|   front|  high|
|  2| Jane Smith|  d|    back|medium|
|  3|Bob Johnson|  e|  middle|   low|
|  3|Bob Johnson|  f|   front|   low|
|  4|     Twiggy|  b|   front|   low|
+---+-----------+---+--------+------+

Number of columns: 5
Number of entries: 5
Data types:
{'age': 'StringType()', 'name': 'StringType()', 'var': 'StringType()', 'position': 'StringType()', 'skill': 'StringType()'}

Test copying
+---+-----------+---+--------+------+
|age|       name|var|position| skill|
+---+-----------+---+--------+------+
|  1|   John Doe|  b|   front|  high|
|  2| Jane Smith|  d|    back|medium|
|  3|Bob Johnson|  e|  middle|   low|
|  3|Bob Johnson|  f|   front|   low|
|  4|     Twiggy|  b|   front|   low|
+---+-----------+---+--------+------+

Testing trimming of string columns...
+---+-----------+---+--------+------+
|age|       name|var|position| skill|
+---+-----------+---+--------+------+
|  1|   John Doe|  b|   front|  high|
|  2| Jane Smith|  d|    back|medium|
|  3|Bob Johnson|  e|  middle|   low|
|  3|Bob Johnson|  f|   front|   low|
|  4|     Twiggy|  b|   front|   low|
+---+-----------+---+--------+------+

Testing conversions on frame...
De-dup / distinct checks
Testing the sort
Testing pandas conversion
+-----+-------------+-----+----------+--------+
| age |    name     | var | position | skill  |
+-----+-------------+-----+----------+--------+
|  1  |  John Doe   |  b  |  front   |  high  |
|  2  | Jane Smith  |  d  |   back   | medium |
|  3  | Bob Johnson |  e  |  middle  |  low   |
|  3  | Bob Johnson |  f  |  front   |  low   |
|  4  |   Twiggy    |  b  |  front   |  low   |
+-----+-------------+-----+----------+--------+
Testing polars conversion
Testing the size estimates
The df is an estimated 1.25 KB
Writing to ../test_tables/test_outputs/spark/positions.csv.parquet as parquet with mode=overwrite (compression=zstd)
Attempting load of... ../test_tables\pre_transform_columns.csv
+------+------+-----------+-------------+------------------+------------------+---------+--------------------+
|run_id|job_id|environment|   table_name|       column_name|       description|data_type|    warning_messages|
+------+------+-----------+-------------+------------------+------------------+---------+--------------------+
|     1|     1|       test|DCSKINPRODUCT|        ProductKey|        ProductKey|   String|                NULL|
|     1|     1|       test|DCSKINPRODUCT|DistributionCenter|DistributionCenter|   String|                NULL|
|     1|     1|       test|DCSKINPRODUCT|              DATE|              DATE|   String|[SCHEMA] Column f...|
|     1|     1|       test|DCSKINPRODUCT|          Discount|          Discount|   String|[SCHEMA] Column f...|
|     1|     1|       test|DCSKINPRODUCT|           Revenue|           Revenue|   String|[SCHEMA] Column f...|
|     1|     1|       test|DCSKINPRODUCT|       worm_id_mod|              NULL|    Int64|                NULL|
|     1|     1|       test|      netflix|           Show_Id|           Show_Id|   String|                NULL|
|     1|     1|       test|      netflix|          Category|          Category|   String|                NULL|
|     1|     1|       test|      netflix|             Title|             Title|   String|[UNIQUE] Free tex...|
|     1|     1|       test|      netflix|          Director|          Director|   String|[UNIQUE] Free tex...|
|     1|     1|       test|      netflix|              Cast|              Cast|   String|[UNIQUE] Free tex...|
|     1|     1|       test|      netflix|           Country|           Country|   String|                NULL|
|     1|     1|       test|      netflix|      Release_Date|      Release_Date|   String|                NULL|
|     1|     1|       test|      netflix|            Rating|            Rating|   String|                NULL|
|     1|     1|       test|      netflix|          Duration|          Duration|   String|[UNIQUE] Free tex...|
|     1|     1|       test|      netflix|              Type|              Type|   String|                NULL|
|     1|     1|       test|      netflix|       Description|       Description|   String|[UNIQUE] Free tex...|
|     1|     1|       test|      netflix|       worm_id_mod|              NULL|   UInt64|                NULL|
+------+------+-----------+-------------+------------------+------------------+---------+--------------------+

Number of columns: 8
Number of entries: 18
Data types:
{'run_id': 'StringType()', 'job_id': 'StringType()', 'environment': 'StringType()', 'table_name': 'StringType()', 'column_name': 'StringType()', 'description': 'StringType()', 'data_type': 'StringType()', 'warning_messages': 'StringType()'}

Test copying
+------+------+-----------+-------------+------------------+------------------+---------+--------------------+
|run_id|job_id|environment|   table_name|       column_name|       description|data_type|    warning_messages|
+------+------+-----------+-------------+------------------+------------------+---------+--------------------+
|     1|     1|       test|DCSKINPRODUCT|        ProductKey|        ProductKey|   String|                NULL|
|     1|     1|       test|DCSKINPRODUCT|DistributionCenter|DistributionCenter|   String|                NULL|
|     1|     1|       test|DCSKINPRODUCT|              DATE|              DATE|   String|[SCHEMA] Column f...|
|     1|     1|       test|DCSKINPRODUCT|          Discount|          Discount|   String|[SCHEMA] Column f...|
|     1|     1|       test|DCSKINPRODUCT|           Revenue|           Revenue|   String|[SCHEMA] Column f...|
|     1|     1|       test|DCSKINPRODUCT|       worm_id_mod|              NULL|    Int64|                NULL|
|     1|     1|       test|      netflix|           Show_Id|           Show_Id|   String|                NULL|
|     1|     1|       test|      netflix|          Category|          Category|   String|                NULL|
|     1|     1|       test|      netflix|             Title|             Title|   String|[UNIQUE] Free tex...|
|     1|     1|       test|      netflix|          Director|          Director|   String|[UNIQUE] Free tex...|
|     1|     1|       test|      netflix|              Cast|              Cast|   String|[UNIQUE] Free tex...|
|     1|     1|       test|      netflix|           Country|           Country|   String|                NULL|
|     1|     1|       test|      netflix|      Release_Date|      Release_Date|   String|                NULL|
|     1|     1|       test|      netflix|            Rating|            Rating|   String|                NULL|
|     1|     1|       test|      netflix|          Duration|          Duration|   String|[UNIQUE] Free tex...|
|     1|     1|       test|      netflix|              Type|              Type|   String|                NULL|
|     1|     1|       test|      netflix|       Description|       Description|   String|[UNIQUE] Free tex...|
|     1|     1|       test|      netflix|       worm_id_mod|              NULL|   UInt64|                NULL|
+------+------+-----------+-------------+------------------+------------------+---------+--------------------+

Testing trimming of string columns...
+------+------+-----------+-------------+------------------+------------------+---------+--------------------+
|run_id|job_id|environment|   table_name|       column_name|       description|data_type|    warning_messages|
+------+------+-----------+-------------+------------------+------------------+---------+--------------------+
|     1|     1|       test|DCSKINPRODUCT|        ProductKey|        ProductKey|   String|                NULL|
|     1|     1|       test|DCSKINPRODUCT|DistributionCenter|DistributionCenter|   String|                NULL|
|     1|     1|       test|DCSKINPRODUCT|              DATE|              DATE|   String|[SCHEMA] Column f...|
|     1|     1|       test|DCSKINPRODUCT|          Discount|          Discount|   String|[SCHEMA] Column f...|
|     1|     1|       test|DCSKINPRODUCT|           Revenue|           Revenue|   String|[SCHEMA] Column f...|
|     1|     1|       test|DCSKINPRODUCT|       worm_id_mod|              NULL|    Int64|                NULL|
|     1|     1|       test|      netflix|           Show_Id|           Show_Id|   String|                NULL|
|     1|     1|       test|      netflix|          Category|          Category|   String|                NULL|
|     1|     1|       test|      netflix|             Title|             Title|   String|[UNIQUE] Free tex...|
|     1|     1|       test|      netflix|          Director|          Director|   String|[UNIQUE] Free tex...|
|     1|     1|       test|      netflix|              Cast|              Cast|   String|[UNIQUE] Free tex...|
|     1|     1|       test|      netflix|           Country|           Country|   String|                NULL|
|     1|     1|       test|      netflix|      Release_Date|      Release_Date|   String|                NULL|
|     1|     1|       test|      netflix|            Rating|            Rating|   String|                NULL|
|     1|     1|       test|      netflix|          Duration|          Duration|   String|[UNIQUE] Free tex...|
|     1|     1|       test|      netflix|              Type|              Type|   String|                NULL|
|     1|     1|       test|      netflix|       Description|       Description|   String|[UNIQUE] Free tex...|
|     1|     1|       test|      netflix|       worm_id_mod|              NULL|   UInt64|                NULL|
+------+------+-----------+-------------+------------------+------------------+---------+--------------------+

Testing conversions on frame...
De-dup / distinct checks
Testing the sort
Testing pandas conversion
+--------+--------+-------------+---------------+--------------------+--------------------+-----------+-----------------------------------------------------------------------------------------------------------------------------------------------------------------------------------------------+
| run_id | job_id | environment |  table_name   |    column_name     |    description     | data_type |                                                                                       warning_messages                                                                                        |
+--------+--------+-------------+---------------+--------------------+--------------------+-----------+-----------------------------------------------------------------------------------------------------------------------------------------------------------------------------------------------+
|   1    |   1    |    test     | DCSKINPRODUCT |        DATE        |        DATE        |  String   |                           [SCHEMA] Column found in schema with description but data type mismatch | [ALL] No all_pass rules matched - using default status: warning                           |
|   1    |   1    |    test     | DCSKINPRODUCT |      Discount      |      Discount      |  String   | [SCHEMA] Column found in schema with description but data type mismatch | [SCHEMA] Numeric column has non-numeric data type | [ALL] No all_pass rules matched - using default status: warning |
|   1    |   1    |    test     | DCSKINPRODUCT | DistributionCenter | DistributionCenter |  String   |                                                                                              nan                                                                                              |
|   1    |   1    |    test     | DCSKINPRODUCT |     ProductKey     |     ProductKey     |  String   |                                                                                              nan                                                                                              |
|   1    |   1    |    test     | DCSKINPRODUCT |      Revenue       |      Revenue       |  String   | [SCHEMA] Column found in schema with description but data type mismatch | [SCHEMA] Numeric column has non-numeric data type | [ALL] No all_pass rules matched - using default status: warning |
|   1    |   1    |    test     | DCSKINPRODUCT |    worm_id_mod     |        nan         |   Int64   |                                                                                              nan                                                                                              |
|   1    |   1    |    test     |    netflix    |        Cast        |        Cast        |  String   |                                 [UNIQUE] Free text or array category requires manual review | [ALL] No all_pass rules matched - using default status: warning                                 |
|   1    |   1    |    test     |    netflix    |      Category      |      Category      |  String   |                                                                                              nan                                                                                              |
|   1    |   1    |    test     |    netflix    |      Country       |      Country       |  String   |                                                                                              nan                                                                                              |
|   1    |   1    |    test     |    netflix    |    Description     |    Description     |  String   |                                 [UNIQUE] Free text or array category requires manual review | [ALL] No all_pass rules matched - using default status: warning                                 |
|   1    |   1    |    test     |    netflix    |      Director      |      Director      |  String   |                                 [UNIQUE] Free text or array category requires manual review | [ALL] No all_pass rules matched - using default status: warning                                 |
|   1    |   1    |    test     |    netflix    |      Duration      |      Duration      |  String   |                                 [UNIQUE] Free text or array category requires manual review | [ALL] No all_pass rules matched - using default status: warning                                 |
|   1    |   1    |    test     |    netflix    |       Rating       |       Rating       |  String   |                                                                                              nan                                                                                              |
|   1    |   1    |    test     |    netflix    |    Release_Date    |    Release_Date    |  String   |                                                                                              nan                                                                                              |
|   1    |   1    |    test     |    netflix    |      Show_Id       |      Show_Id       |  String   |                                                                                              nan                                                                                              |
|   1    |   1    |    test     |    netflix    |       Title        |       Title        |  String   |                                 [UNIQUE] Free text or array category requires manual review | [ALL] No all_pass rules matched - using default status: warning                                 |
|   1    |   1    |    test     |    netflix    |        Type        |        Type        |  String   |                                                                                              nan                                                                                              |
|   1    |   1    |    test     |    netflix    |    worm_id_mod     |        nan         |  UInt64   |                                                                                              nan                                                                                              |
+--------+--------+-------------+---------------+--------------------+--------------------+-----------+-----------------------------------------------------------------------------------------------------------------------------------------------------------------------------------------------+
Testing polars conversion
Testing the size estimates
The df is an estimated 2.0 KB
Writing to ../test_tables/test_outputs/spark/pre_transform_columns.csv.parquet as parquet with mode=overwrite (compression=zstd)
Attempting load of... ../test_tables\pre_transform_table_summary.csv
+------+------+-----------+--------------------+--------------------+-------------+-------------+
|run_id|job_id|environment|          table_path|           timestamp|   table_name|total_columns|
+------+------+-----------+--------------------+--------------------+-------------+-------------+
|     1|     1|       test|../tests/test_tab...|2025-10-23T10:27:...|   array_like|            3|
|     1|     1|       test|../tests/test_tab...|2025-10-23T10:27:...|   date_table|            3|
|     1|     1|       test|../tests/test_tab...|2025-10-23T10:27:...|decimal_table|            3|
|     1|     1|       test|../tests/test_tab...|2025-10-23T10:27:...|     location|            4|
|     1|     1|       test|../tests/test_tab...|2025-10-23T10:27:...|    positions|            5|
|     1|     1|       test|../tests/test_tab...|2025-10-23T10:27:...|       salary|            3|
|     1|     1|       test|../tests/test_tab...|2025-10-23T10:27:...|        state|            2|
+------+------+-----------+--------------------+--------------------+-------------+-------------+

Number of columns: 7
Number of entries: 7
Data types:
{'run_id': 'StringType()', 'job_id': 'StringType()', 'environment': 'StringType()', 'table_path': 'StringType()', 'timestamp': 'StringType()', 'table_name': 'StringType()', 'total_columns': 'StringType()'}

Test copying
+------+------+-----------+--------------------+--------------------+-------------+-------------+
|run_id|job_id|environment|          table_path|           timestamp|   table_name|total_columns|
+------+------+-----------+--------------------+--------------------+-------------+-------------+
|     1|     1|       test|../tests/test_tab...|2025-10-23T10:27:...|   array_like|            3|
|     1|     1|       test|../tests/test_tab...|2025-10-23T10:27:...|   date_table|            3|
|     1|     1|       test|../tests/test_tab...|2025-10-23T10:27:...|decimal_table|            3|
|     1|     1|       test|../tests/test_tab...|2025-10-23T10:27:...|     location|            4|
|     1|     1|       test|../tests/test_tab...|2025-10-23T10:27:...|    positions|            5|
|     1|     1|       test|../tests/test_tab...|2025-10-23T10:27:...|       salary|            3|
|     1|     1|       test|../tests/test_tab...|2025-10-23T10:27:...|        state|            2|
+------+------+-----------+--------------------+--------------------+-------------+-------------+

Testing trimming of string columns...
+------+------+-----------+--------------------+--------------------+-------------+-------------+
|run_id|job_id|environment|          table_path|           timestamp|   table_name|total_columns|
+------+------+-----------+--------------------+--------------------+-------------+-------------+
|     1|     1|       test|../tests/test_tab...|2025-10-23T10:27:...|   array_like|            3|
|     1|     1|       test|../tests/test_tab...|2025-10-23T10:27:...|   date_table|            3|
|     1|     1|       test|../tests/test_tab...|2025-10-23T10:27:...|decimal_table|            3|
|     1|     1|       test|../tests/test_tab...|2025-10-23T10:27:...|     location|            4|
|     1|     1|       test|../tests/test_tab...|2025-10-23T10:27:...|    positions|            5|
|     1|     1|       test|../tests/test_tab...|2025-10-23T10:27:...|       salary|            3|
|     1|     1|       test|../tests/test_tab...|2025-10-23T10:27:...|        state|            2|
+------+------+-----------+--------------------+--------------------+-------------+-------------+

Testing conversions on frame...
De-dup / distinct checks
Testing the sort
Testing pandas conversion
+--------+--------+-------------+--------------------------------------------------------+-------------------------+---------------+---------------+
| run_id | job_id | environment |                       table_path                       |        timestamp        |  table_name   | total_columns |
+--------+--------+-------------+--------------------------------------------------------+-------------------------+---------------+---------------+
|   1    |   1    |    test     |  ../tests/test_tables/jobs/prod/job_1/array_like.csv   | 2025-10-23T10:27:17.391 |  array_like   |       3       |
|   1    |   1    |    test     |  ../tests/test_tables/jobs/prod/job_1/date_table.csv   | 2025-10-23T10:27:17.391 |  date_table   |       3       |
|   1    |   1    |    test     | ../tests/test_tables/jobs/prod/job_1/decimal_table.csv | 2025-10-23T10:27:17.391 | decimal_table |       3       |
|   1    |   1    |    test     |   ../tests/test_tables/jobs/prod/job_1/location.csv    | 2025-10-23T10:27:17.391 |   location    |       4       |
|   1    |   1    |    test     |   ../tests/test_tables/jobs/prod/job_1/positions.csv   | 2025-10-23T10:27:17.391 |   positions   |       5       |
|   1    |   1    |    test     |    ../tests/test_tables/jobs/prod/job_1/salary.csv     | 2025-10-23T10:27:17.391 |    salary     |       3       |
|   1    |   1    |    test     |     ../tests/test_tables/jobs/prod/job_1/state.csv     | 2025-10-23T10:27:17.391 |     state     |       2       |
+--------+--------+-------------+--------------------------------------------------------+-------------------------+---------------+---------------+
Testing polars conversion
Testing the size estimates
The df is an estimated 1.75 KB
Writing to ../test_tables/test_outputs/spark/pre_transform_table_summary.csv.parquet as parquet with mode=overwrite (compression=zstd)
Attempting load of... ../test_tables\salary.csv
+------+-----------+---+
|salary|       name|age|
+------+-----------+---+
|   400|   John Doe|  1|
|   500| Jane Smith|  4|
|   600|Bob Johnson|  1|
|   600|     Twiggy|  1|
|   620|     Finley|  1|
|   700|      Peggy|  5|
+------+-----------+---+

Number of columns: 3
Number of entries: 6
Data types:
{'salary': 'StringType()', 'name': 'StringType()', 'age': 'StringType()'}

Test copying
+------+-----------+---+
|salary|       name|age|
+------+-----------+---+
|   400|   John Doe|  1|
|   500| Jane Smith|  4|
|   600|Bob Johnson|  1|
|   600|     Twiggy|  1|
|   620|     Finley|  1|
|   700|      Peggy|  5|
+------+-----------+---+

Testing trimming of string columns...
+------+-----------+---+
|salary|       name|age|
+------+-----------+---+
|   400|   John Doe|  1|
|   500| Jane Smith|  4|
|   600|Bob Johnson|  1|
|   600|     Twiggy|  1|
|   620|     Finley|  1|
|   700|      Peggy|  5|
+------+-----------+---+

Testing conversions on frame...
De-dup / distinct checks
Testing the sort
Testing pandas conversion
+--------+-------------+-----+
| salary |    name     | age |
+--------+-------------+-----+
|  400   |  John Doe   |  1  |
|  500   | Jane Smith  |  4  |
|  600   | Bob Johnson |  1  |
|  600   |   Twiggy    |  1  |
|  620   |   Finley    |  1  |
|  700   |    Peggy    |  5  |
+--------+-------------+-----+
Testing polars conversion
Testing the size estimates
The df is an estimated 0.75 KB
Writing to ../test_tables/test_outputs/spark/salary.csv.parquet as parquet with mode=overwrite (compression=zstd)
Attempting load of... ../test_tables\state.csv
+--------+----------------+
|    city|           state|
+--------+----------------+
|New York|        New York|
|  London|         England|
|  Sydney|             NSW|
| Toronto|         Ontario|
|   Paris|Island of France|
+--------+----------------+

Number of columns: 2
Number of entries: 5
Data types:
{'city': 'StringType()', 'state': 'StringType()'}

Test copying
+--------+----------------+
|    city|           state|
+--------+----------------+
|New York|        New York|
|  London|         England|
|  Sydney|             NSW|
| Toronto|         Ontario|
|   Paris|Island of France|
+--------+----------------+

Testing trimming of string columns...
+--------+----------------+
|    city|           state|
+--------+----------------+
|New York|        New York|
|  London|         England|
|  Sydney|             NSW|
| Toronto|         Ontario|
|   Paris|Island of France|
+--------+----------------+

Testing conversions on frame...
De-dup / distinct checks
Testing the sort
Testing pandas conversion
+----------+------------------+
|   city   |      state       |
+----------+------------------+
|  London  |     England      |
| New York |     New York     |
|  Paris   | Island of France |
|  Sydney  |       NSW        |
| Toronto  |     Ontario      |
+----------+------------------+
Testing polars conversion
Testing the size estimates
The df is an estimated 0.5 KB
Writing to ../test_tables/test_outputs/spark/state.csv.parquet as parquet with mode=overwrite (compression=zstd)
SUCCESS: The process with PID 14068 (child process of PID 17684) has been terminated.
SUCCESS: The process with PID 17684 (child process of PID 10400) has been terminated.
SUCCESS: The process with PID 10400 (child process of PID 24812) has been terminated.
